// Jest Snapshot v1, https://goo.gl/fbAQLP

exports[`Home renders correctly if no data 1`] = `
<Home
  courses={Array []}
  feed={Array []}
  fetchFeed={[Function]}
  participations={Array []}
/>
`;
